[backblue.gif]
[fade.gif]
[index.html]
[www.cis.rit.edu/htbooks/nmr/images/icon.gif]
[www.cis.rit.edu/htbooks/nmr/images/title.gif]
[www.cis.rit.edu/htbooks/nmr/images/cover-sp.gif]
[www.cis.rit.edu/htbooks/nmr/images/open.gif]
[www.cis.rit.edu/htbooks/nmr/index.html]
[www.cis.rit.edu/htbooks/nmr/inside.html]
[www.cis.rit.edu/htbooks/nmr/contents.html]
[www.cis.rit.edu/htbooks/nmr/ribbon.html]
[www.cis.rit.edu/htbooks/nmr/images/hornak-1.jpg]
[www.cis.rit.edu/htbooks/nmr/author.html]
[www.cis.rit.edu/htbooks/nmr/images/3-win.gif]
[www.cis.rit.edu/htbooks/nmr/images/ref.gif]
[www.cis.rit.edu/htbooks/nmr/images/start.gif]
[www.cis.rit.edu/htbooks/nmr/images/play.gif]
[www.cis.rit.edu/htbooks/nmr/preface.html]
[www.cis.rit.edu/htbooks/nmr/chap-1/chap-1.html]
[www.cis.rit.edu/htbooks/nmr/chap-2/images/f2-1.gif]
[www.cis.rit.edu/htbooks/nmr/chap-2/images/f2-2.gif]
[www.cis.rit.edu/htbooks/nmr/chap-2/images/f2-3.gif]
[www.cis.rit.edu/htbooks/nmr/chap-2/images/matrix.gif]
[www.cis.rit.edu/htbooks/nmr/chap-2/images/conv-sym.gif]
[www.cis.rit.edu/htbooks/nmr/chap-2/images/conv-fun.gif]
[www.cis.rit.edu/htbooks/nmr/chap-2/chap-2.html]
[www.cis.rit.edu/htbooks/nmr/images/detail.gif]
[www.cis.rit.edu/htbooks/nmr/chap-3/images/x-rot-m.gif]
[www.cis.rit.edu/htbooks/nmr/images/12-up.gif]
[www.cis.rit.edu/htbooks/nmr/images/12-down.gif]
[www.cis.rit.edu/htbooks/nmr/images/10-rl-ar.gif]
[www.cis.rit.edu/htbooks/nmr/chap-3/chap-3.html]
[www.cis.rit.edu/htbooks/nmr/images/10-sigma.gif]
[www.cis.rit.edu/htbooks/nmr/images/10-pi.gif]
[www.cis.rit.edu/htbooks/nmr/images/10-delta.gif]
[www.cis.rit.edu/htbooks/nmr/chap-4/chap-4.html]
[www.cis.rit.edu/htbooks/nmr/images/10-nu.gif]
[www.cis.rit.edu/htbooks/nmr/chap-5/images/ft_eq_1.gif]
[www.cis.rit.edu/htbooks/nmr/images/10-omega.gif]
[www.cis.rit.edu/htbooks/nmr/chap-5/images/ft_eq_2.gif]
[www.cis.rit.edu/htbooks/nmr/chap-5/images/ft_eq_3.gif]
[www.cis.rit.edu/htbooks/nmr/chap-5/images/cord-mat.gif]
[www.cis.rit.edu/htbooks/nmr/images/12-phi.gif]
[www.cis.rit.edu/htbooks/nmr/images/10-convl.gif]
[www.cis.rit.edu/htbooks/nmr/chap-5/chap-5.html]
[www.cis.rit.edu/htbooks/nmr/images/10-rho.gif]
[www.cis.rit.edu/htbooks/nmr/chap-6/chap-6.html]
[www.cis.rit.edu/htbooks/nmr/chap-7/images/coil-eq.gif]
[www.cis.rit.edu/htbooks/nmr/chap-7/chap-7.html]
[www.cis.rit.edu/htbooks/nmr/images/10-prop.gif]
[www.cis.rit.edu/htbooks/nmr/chap-8/chap-8.html]
[www.cis.rit.edu/htbooks/nmr/chap-9/images/eq1.gif]
[www.cis.rit.edu/htbooks/nmr/chap-9/images/eq2.gif]
[www.cis.rit.edu/htbooks/nmr/chap-9/images/eq3.gif]
[www.cis.rit.edu/htbooks/nmr/chap-9/images/eq4.gif]
[www.cis.rit.edu/htbooks/nmr/chap-9/chap-9.html]
[www.cis.rit.edu/htbooks/nmr/images/const.gif]
[www.cis.rit.edu/htbooks/nmr/chap-10/chap-10.html]
[www.cis.rit.edu/htbooks/nmr/images/10_delta.gif]
[www.cis.rit.edu/htbooks/nmr/images/10-gamma.gif]
[www.cis.rit.edu/htbooks/nmr/images/10-integ.gif]
[www.cis.rit.edu/htbooks/nmr/images/10-theta.gif]
[www.cis.rit.edu/htbooks/nmr/images/10-mu.gif]
[www.cis.rit.edu/htbooks/nmr/chap-11/chap-11.html]
[www.cis.rit.edu/htbooks/nmr/chap-12/chap-12.html]
[www.cis.rit.edu/htbooks/nmr/gloss.html]
[www.cis.rit.edu/htbooks/nmr/images/10_omega.gif]
[www.cis.rit.edu/htbooks/nmr/symbols.html]
[www.cis.rit.edu/htbooks/nmr/images/1c-space.gif]
[www.cis.rit.edu/htbooks/nmr/refs/refs.html]
[www.cis.rit.edu/htbooks/nmr/statist/statist.html]
[www.cis.rit.edu/htbooks/nmr/order.html]
[www.cis.rit.edu/htbooks/nmr/bnmr.html]
[www.cis.rit.edu/htbooks/nmr/index-2.html]
[www.cis.rit.edu/htbooks/nmr/chap-1/images/intro_3m.gif]
[www.cis.rit.edu/htbooks/nmr/chap-1/a1-1.html]
[www.cis.rit.edu/htbooks/nmr/chap-1/images/intro_3n.gif]
[www.cis.rit.edu/htbooks/nmr/chap-1/a1-2.html]
[www.cis.rit.edu/htbooks/nmr/chap-1/images/intro_3o.gif]
[www.cis.rit.edu/htbooks/nmr/chap-1/a1-3.html]
[www.cis.rit.edu/htbooks/nmr/chap-1/images/intro_3p.gif]
[www.cis.rit.edu/htbooks/nmr/chap-1/a1-4.html]
[www.cis.rit.edu/htbooks/nmr/chap-1/images/time.gif]
[www.cis.rit.edu/htbooks/nmr/chap-1/images/time-s.gif]
[www.cis.rit.edu/htbooks/nmr/chap-1/a3-1.html]
[www.cis.rit.edu/htbooks/nmr/chap-1/images/angle.gif]
[www.cis.rit.edu/htbooks/nmr/chap-1/a3-2.html]
[www.cis.rit.edu/htbooks/nmr/chap-1/images/thermom.gif]
[www.cis.rit.edu/htbooks/nmr/chap-1/a3-3.html]
[www.cis.rit.edu/htbooks/nmr/chap-1/images/bar-b1.gif]
[www.cis.rit.edu/htbooks/nmr/chap-1/a3-4.html]
[www.cis.rit.edu/htbooks/nmr/chap-1/images/earth-b1.gif]
[www.cis.rit.edu/htbooks/nmr/chap-1/a3-5.html]
[www.cis.rit.edu/htbooks/nmr/chap-3/images/et-diag.gif]
[www.cis.rit.edu/htbooks/nmr/chap-1/a3-6.html]
[www.cis.rit.edu/htbooks/nmr/images/50-space.gif]
[www.cis.rit.edu/htbooks/nmr/chap-1/images/field-ax.gif]
[www.cis.rit.edu/htbooks/nmr/chap-3/images/19-sin.gif]
[www.cis.rit.edu/htbooks/nmr/chap-1/images/time-ax.gif]
[www.cis.rit.edu/htbooks/nmr/chap-1/a3-7.html]
[www.cis.rit.edu/htbooks/nmr/chap-1/images/pio2-ax.gif]
[www.cis.rit.edu/htbooks/nmr/chap-1/images/pi-ax.gif]
[www.cis.rit.edu/htbooks/nmr/chap-1/images/rad-freq.gif]
[www.cis.rit.edu/htbooks/nmr/chap-1/images/zero-ax.gif]
[www.cis.rit.edu/htbooks/nmr/chap-1/images/3pio2-ax.gif]
[www.cis.rit.edu/htbooks/nmr/chap-1/a3-8.html]
[www.cis.rit.edu/htbooks/nmr/chap-1/images/100w.gif]
[www.cis.rit.edu/htbooks/nmr/chap-1/a3-9.html]
[www.cis.rit.edu/htbooks/nmr/chap-1/a3-10.html]
[www.cis.rit.edu/htbooks/nmr/chap-2/images/e-xt.gif]
[www.cis.rit.edu/htbooks/nmr/chap-2/b1-1.html]
[www.cis.rit.edu/htbooks/nmr/chap-2/images/1-e-xt.gif]
[www.cis.rit.edu/htbooks/nmr/chap-2/b1-2.html]
[www.cis.rit.edu/htbooks/nmr/chap-2/images/1-2e-xt.gif]
[www.cis.rit.edu/htbooks/nmr/chap-2/b1-3.html]
[www.cis.rit.edu/htbooks/nmr/chap-2/images/sin.gif]
[www.cis.rit.edu/htbooks/nmr/chap-2/b2-1.html]
[www.cis.rit.edu/htbooks/nmr/chap-2/images/cos.gif]
[www.cis.rit.edu/htbooks/nmr/chap-2/b2-2.html]
[www.cis.rit.edu/htbooks/nmr/chap-2/images/triangle.gif]
[www.cis.rit.edu/htbooks/nmr/chap-2/b2-3.html]
[www.cis.rit.edu/htbooks/nmr/chap-2/images/sinc.gif]
[www.cis.rit.edu/htbooks/nmr/chap-2/b2-4.html]
[www.cis.rit.edu/htbooks/nmr/chap-2/images/differen.gif]
[www.cis.rit.edu/htbooks/nmr/chap-2/b3-1.html]
[www.cis.rit.edu/htbooks/nmr/chap-2/images/integral.gif]
[www.cis.rit.edu/htbooks/nmr/chap-2/b3-2.html]
[www.cis.rit.edu/htbooks/nmr/refs/ref-07.html]
[www.cis.rit.edu/htbooks/nmr/refs/ref-06.html]
[www.cis.rit.edu/htbooks/nmr/chap-2/images/vector.gif]
[www.cis.rit.edu/htbooks/nmr/chap-2/b4-1.html]
[www.cis.rit.edu/htbooks/nmr/chap-2/images/mag-def.gif]
[www.cis.rit.edu/htbooks/nmr/chap-2/b4-2.html]
[www.cis.rit.edu/htbooks/nmr/chap-2/images/mat-a.gif]
[www.cis.rit.edu/htbooks/nmr/chap-2/b5-1.html]
[www.cis.rit.edu/htbooks/nmr/chap-2/images/mat-b.gif]
[www.cis.rit.edu/htbooks/nmr/chap-2/b5-2.html]
[www.cis.rit.edu/htbooks/nmr/chap-2/images/mat-c.gif]
[www.cis.rit.edu/htbooks/nmr/chap-2/b5-3.html]
[www.cis.rit.edu/htbooks/nmr/chap-2/images/mat-d.gif]
[www.cis.rit.edu/htbooks/nmr/chap-2/b5-4.html]
[www.cis.rit.edu/htbooks/nmr/chap-2/images/mat-e.gif]
[www.cis.rit.edu/htbooks/nmr/chap-2/b5-5.html]
[www.cis.rit.edu/htbooks/nmr/chap-2/images/coordin.gif]
[www.cis.rit.edu/htbooks/nmr/chap-2/b6-1.html]
[www.cis.rit.edu/htbooks/nmr/refs/ref-04.html]
[www.cis.rit.edu/htbooks/nmr/chap-2/images/convol.gif]
[www.cis.rit.edu/htbooks/nmr/chap-2/b7-1.html]
[www.cis.rit.edu/htbooks/nmr/chap-2/images/imag-no.gif]
[www.cis.rit.edu/htbooks/nmr/chap-2/b8-1.html]
[www.cis.rit.edu/htbooks/nmr/chap-2/images/ft-simpl.gif]
[www.cis.rit.edu/htbooks/nmr/chap-2/b9-1.html]
[www.cis.rit.edu/htbooks/nmr/chap-3/images/atom.gif]
[www.cis.rit.edu/htbooks/nmr/chap-3/images/10-green.gif]
[www.cis.rit.edu/htbooks/nmr/chap-3/images/10-red.gif]
[www.cis.rit.edu/htbooks/nmr/chap-3/images/10-blue.gif]
[www.cis.rit.edu/htbooks/nmr/chap-3/c1-1.html]
[www.cis.rit.edu/htbooks/nmr/chap-3/images/hel-atom.gif]
[www.cis.rit.edu/htbooks/nmr/chap-3/c1-2.html]
[www.cis.rit.edu/htbooks/nmr/chap-3/images/peri-tab.gif]
[www.cis.rit.edu/htbooks/nmr/chap-3/c3-1.html]
[www.cis.rit.edu/htbooks/nmr/chap-3/images/40-space.gif]
[www.cis.rit.edu/htbooks/nmr/images/10-space.gif]
[www.cis.rit.edu/htbooks/nmr/chap-3/images/40-blue.gif]
[www.cis.rit.edu/htbooks/nmr/chap-3/c4-1.html]
[www.cis.rit.edu/htbooks/nmr/chap-3/images/40-n-s.gif]
[www.cis.rit.edu/htbooks/nmr/chap-3/c4-2.html]
[www.cis.rit.edu/htbooks/nmr/chap-3/images/n-pole.gif]
[www.cis.rit.edu/htbooks/nmr/chap-3/images/40-s-n.gif]
[www.cis.rit.edu/htbooks/nmr/chap-3/images/s-pole.gif]
[www.cis.rit.edu/htbooks/nmr/chap-3/c4-3.html]
[www.cis.rit.edu/htbooks/nmr/chap-3/c4-4.html]
[www.cis.rit.edu/htbooks/nmr/chap-3/images/20-flip.gif]
[www.cis.rit.edu/htbooks/nmr/chap-3/images/20-space.gif]
[www.cis.rit.edu/htbooks/nmr/chap-3/c5-1.html]
[www.cis.rit.edu/htbooks/nmr/chap-3/images/e-diag.gif]
[www.cis.rit.edu/htbooks/nmr/chap-3/c6-1.html]
[www.cis.rit.edu/htbooks/nmr/chap-3/c6-2.html]
[www.cis.rit.edu/htbooks/nmr/refs/ref-05.html]
[www.cis.rit.edu/htbooks/nmr/chap-3/images/cw-swb.gif]
[www.cis.rit.edu/htbooks/nmr/chap-3/c7-1.html]
[www.cis.rit.edu/htbooks/nmr/chap-3/images/cw-swf.gif]
[www.cis.rit.edu/htbooks/nmr/chap-3/c7-2.html]
[www.cis.rit.edu/htbooks/nmr/chap-3/images/n-pole-l.gif]
[www.cis.rit.edu/htbooks/nmr/chap-3/images/bs-f-1.gif]
[www.cis.rit.edu/htbooks/nmr/chap-3/images/bs-f-2.gif]
[www.cis.rit.edu/htbooks/nmr/chap-3/images/bs-f-3.gif]
[www.cis.rit.edu/htbooks/nmr/chap-3/images/bs-f-4.gif]
[www.cis.rit.edu/htbooks/nmr/chap-3/images/bs-f-5.gif]
[www.cis.rit.edu/htbooks/nmr/chap-3/images/bs-f-6.gif]
[www.cis.rit.edu/htbooks/nmr/chap-3/images/s-pole-l.gif]
[www.cis.rit.edu/htbooks/nmr/chap-3/c8-1.html]
[www.cis.rit.edu/htbooks/nmr/chap-3/images/105-v-l.gif]
[www.cis.rit.edu/htbooks/nmr/chap-3/images/105-h-l.gif]
[www.cis.rit.edu/htbooks/nmr/chap-3/c9-1.html]
[www.cis.rit.edu/htbooks/nmr/chap-3/images/bs-12b.gif]
[www.cis.rit.edu/htbooks/nmr/chap-3/images/bs-09.gif]
[www.cis.rit.edu/htbooks/nmr/chap-3/images/bs-01b.gif]
[www.cis.rit.edu/htbooks/nmr/chap-3/images/bs-03b.gif]
[www.cis.rit.edu/htbooks/nmr/chap-3/c9-2.html]
[www.cis.rit.edu/htbooks/nmr/chap-3/images/bs-big.gif]
[www.cis.rit.edu/htbooks/nmr/chap-3/c9-3.html]
[www.cis.rit.edu/htbooks/nmr/chap-3/images/nmr-cord.gif]
[www.cis.rit.edu/htbooks/nmr/chap-3/c9-4.html]
[www.cis.rit.edu/htbooks/nmr/chap-3/images/t1-1.gif]
[www.cis.rit.edu/htbooks/nmr/chap-3/c10-1.html]
[www.cis.rit.edu/htbooks/nmr/chap-3/images/t1-2.gif]
[www.cis.rit.edu/htbooks/nmr/chap-3/c10-2.html]
[www.cis.rit.edu/htbooks/nmr/chap-3/images/mz-t.gif]
[www.cis.rit.edu/htbooks/nmr/chap-3/c10-2a.html]
[www.cis.rit.edu/htbooks/nmr/chap-3/images/t1-3.gif]
[www.cis.rit.edu/htbooks/nmr/chap-3/c10-3.html]
[www.cis.rit.edu/htbooks/nmr/chap-3/images/t1-4.gif]
[www.cis.rit.edu/htbooks/nmr/chap-3/c10-4.html]
[www.cis.rit.edu/htbooks/nmr/chap-3/images/mz-t-ir.gif]
[www.cis.rit.edu/htbooks/nmr/chap-3/c10-4a.html]
[www.cis.rit.edu/htbooks/nmr/chap-3/images/t2-1.gif]
[www.cis.rit.edu/htbooks/nmr/chap-3/c11-1.html]
[www.cis.rit.edu/htbooks/nmr/chap-3/images/t2-2.gif]
[www.cis.rit.edu/htbooks/nmr/chap-3/c11-2.html]
[www.cis.rit.edu/htbooks/nmr/chap-3/images/t2-3.gif]
[www.cis.rit.edu/htbooks/nmr/chap-3/c12-1.html]
[www.cis.rit.edu/htbooks/nmr/chap-3/images/mxy-t.gif]
[www.cis.rit.edu/htbooks/nmr/chap-3/c12-1a.html]
[www.cis.rit.edu/htbooks/nmr/chap-3/images/t2-4.gif]
[www.cis.rit.edu/htbooks/nmr/chap-3/c12-2.html]
[www.cis.rit.edu/htbooks/nmr/chap-3/images/t2-5.gif]
[www.cis.rit.edu/htbooks/nmr/chap-3/c12-3.html]
[www.cis.rit.edu/htbooks/nmr/chap-3/images/t2-6.gif]
[www.cis.rit.edu/htbooks/nmr/chap-3/c13-1.html]
[www.cis.rit.edu/htbooks/nmr/chap-3/images/t1-5.gif]
[www.cis.rit.edu/htbooks/nmr/chap-3/c13-2.html]
[www.cis.rit.edu/htbooks/nmr/chap-3/images/x-prime.gif]
[www.cis.rit.edu/htbooks/nmr/chap-3/images/t2-7.gif]
[www.cis.rit.edu/htbooks/nmr/chap-3/images/y-prime.gif]
[www.cis.rit.edu/htbooks/nmr/chap-3/c13-3.html]
[www.cis.rit.edu/htbooks/nmr/chap-3/images/t2-8.gif]
[www.cis.rit.edu/htbooks/nmr/chap-3/c13-4.html]
[www.cis.rit.edu/htbooks/nmr/chap-3/images/t2-9.gif]
[www.cis.rit.edu/htbooks/nmr/chap-3/c13-5.html]
[www.cis.rit.edu/htbooks/nmr/chap-3/images/t2-10.gif]
[www.cis.rit.edu/htbooks/nmr/chap-3/c13-6.html]
[www.cis.rit.edu/htbooks/nmr/chap-3/images/x-coil.gif]
[www.cis.rit.edu/htbooks/nmr/chap-3/images/t2-11.gif]
[www.cis.rit.edu/htbooks/nmr/chap-3/images/y-lab.gif]
[www.cis.rit.edu/htbooks/nmr/chap-3/c14-1.html]
[www.cis.rit.edu/htbooks/nmr/chap-3/images/x-c-rf.gif]
[www.cis.rit.edu/htbooks/nmr/chap-3/images/t2-12.gif]
[www.cis.rit.edu/htbooks/nmr/chap-3/c14-2.html]
[www.cis.rit.edu/htbooks/nmr/chap-3/images/x-p-b1.gif]
[www.cis.rit.edu/htbooks/nmr/chap-3/c14-3.html]
[www.cis.rit.edu/htbooks/nmr/chap-3/detail/det-c-1.html]
[www.cis.rit.edu/htbooks/nmr/chap-3/images/b1-1.gif]
[www.cis.rit.edu/htbooks/nmr/chap-3/c14-4.html]
[www.cis.rit.edu/htbooks/nmr/chap-3/images/x-lab.gif]
[www.cis.rit.edu/htbooks/nmr/chap-3/images/t2-14.gif]
[www.cis.rit.edu/htbooks/nmr/chap-3/c14-5.html]
[www.cis.rit.edu/htbooks/nmr/chap-3/images/b1-2.gif]
[www.cis.rit.edu/htbooks/nmr/chap-3/c14-6.html]
[www.cis.rit.edu/htbooks/nmr/chap-3/images/b1-3.gif]
[www.cis.rit.edu/htbooks/nmr/chap-3/c14-7.html]
[www.cis.rit.edu/htbooks/nmr/chap-3/images/t2-13.gif]
[www.cis.rit.edu/htbooks/nmr/chap-3/c14-8.html]
[www.cis.rit.edu/htbooks/nmr/refs/ref-08.html]
[www.cis.rit.edu/htbooks/nmr/chap-3/images/waters.gif]
[www.cis.rit.edu/htbooks/nmr/chap-3/c15-1.html]
[www.cis.rit.edu/htbooks/nmr/chap-3/images/h2o-top.gif]
[www.cis.rit.edu/htbooks/nmr/chap-3/images/h2o-lef.gif]
[www.cis.rit.edu/htbooks/nmr/chap-3/images/h2o-cen.gif]
[www.cis.rit.edu/htbooks/nmr/chap-3/images/h2o-rig.gif]
[www.cis.rit.edu/htbooks/nmr/chap-3/images/h2o-bot.gif]
[www.cis.rit.edu/htbooks/nmr/chap-3/images/b-cos-t.gif]
[www.cis.rit.edu/htbooks/nmr/chap-3/c15-2.html]
[www.cis.rit.edu/htbooks/nmr/chap-3/images/j-nu-1.gif]
[www.cis.rit.edu/htbooks/nmr/chap-3/c15-3.html]
[www.cis.rit.edu/htbooks/nmr/chap-3/images/j-nu.gif]
[www.cis.rit.edu/htbooks/nmr/chap-3/c15-4.html]
[www.cis.rit.edu/htbooks/nmr/chap-3/images/j-nu-2.gif]
[www.cis.rit.edu/htbooks/nmr/chap-3/c15-5.html]
[www.cis.rit.edu/htbooks/nmr/chap-3/images/fluc-bo.gif]
[www.cis.rit.edu/htbooks/nmr/chap-3/c15-6.html]
[www.cis.rit.edu/htbooks/nmr/chap-3/images/exchange.gif]
[www.cis.rit.edu/htbooks/nmr/chap-3/c16-1.html]
[www.cis.rit.edu/htbooks/nmr/chap-3/c16-2.html]
[www.cis.rit.edu/htbooks/nmr/chap-3/images/bloch.gif]
[www.cis.rit.edu/htbooks/nmr/chap-3/c17-1.html]
[www.cis.rit.edu/htbooks/nmr/refs/ref-09.html]
[www.cis.rit.edu/htbooks/nmr/chap-4/images/atom.gif]
[www.cis.rit.edu/htbooks/nmr/chap-4/d6-1.html]
[www.cis.rit.edu/htbooks/nmr/chap-4/images/benz.gif]
[www.cis.rit.edu/htbooks/nmr/chap-4/d6-1a.html]
[www.cis.rit.edu/htbooks/nmr/chap-4/images/me-oh.gif]
[www.cis.rit.edu/htbooks/nmr/chap-4/d6-2.html]
[www.cis.rit.edu/htbooks/nmr/chap-4/images/h-chmshf.gif]
[www.cis.rit.edu/htbooks/nmr/chap-4/d6-3.html]
[www.cis.rit.edu/htbooks/nmr/chap-4/d6-4.html]
[www.cis.rit.edu/htbooks/nmr/images/bond-2.gif]
[www.cis.rit.edu/htbooks/nmr/chap-4/d6-5.html]
[www.cis.rit.edu/htbooks/nmr/chap-4/d6-6.html]
[www.cis.rit.edu/htbooks/nmr/chap-4/d6-7.html]
[www.cis.rit.edu/htbooks/nmr/refs/ref-40.html]
[www.cis.rit.edu/htbooks/nmr/refs/ref-41.html]
[www.cis.rit.edu/htbooks/nmr/refs/ref-42.html]
[www.cis.rit.edu/htbooks/nmr/chap-4/images/ab.gif]
[www.cis.rit.edu/htbooks/nmr/chap-4/d7-1.html]
[www.cis.rit.edu/htbooks/nmr/chap-4/images/abab.gif]
[www.cis.rit.edu/htbooks/nmr/chap-4/d7-2.html]
[www.cis.rit.edu/htbooks/nmr/chap-4/images/ab-eld.gif]
[www.cis.rit.edu/htbooks/nmr/chap-4/d7-3.html]
[www.cis.rit.edu/htbooks/nmr/chap-4/images/ab-spec.gif]
[www.cis.rit.edu/htbooks/nmr/chap-4/d7-4.html]
[www.cis.rit.edu/htbooks/nmr/chap-4/images/abb.gif]
[www.cis.rit.edu/htbooks/nmr/chap-4/d7-5.html]
[www.cis.rit.edu/htbooks/nmr/chap-4/images/abb-b-c.gif]
[www.cis.rit.edu/htbooks/nmr/chap-4/d7-6.html]
[www.cis.rit.edu/htbooks/nmr/chap-4/images/abb-a-c.gif]
[www.cis.rit.edu/htbooks/nmr/chap-4/d7-7.html]
[www.cis.rit.edu/htbooks/nmr/chap-4/images/abb-eld.gif]
[www.cis.rit.edu/htbooks/nmr/chap-4/d7-8.html]
[www.cis.rit.edu/htbooks/nmr/chap-4/images/abb-spec.gif]
[www.cis.rit.edu/htbooks/nmr/chap-4/d7-9.html]
[www.cis.rit.edu/htbooks/nmr/chap-4/images/abc.gif]
[www.cis.rit.edu/htbooks/nmr/chap-4/d7-10.html]
[www.cis.rit.edu/htbooks/nmr/chap-4/images/abc-spec.gif]
[www.cis.rit.edu/htbooks/nmr/chap-4/d7-11.html]
[www.cis.rit.edu/htbooks/nmr/chap-4/d1-1.html]
[www.cis.rit.edu/htbooks/nmr/chap-4/images/m-sin-t.gif]
[www.cis.rit.edu/htbooks/nmr/chap-4/d1-2.html]
[www.cis.rit.edu/htbooks/nmr/chap-4/images/m-fid-t.gif]
[www.cis.rit.edu/htbooks/nmr/chap-4/d1-3.html]
[www.cis.rit.edu/htbooks/nmr/chap-4/images/spectr.gif]
[www.cis.rit.edu/htbooks/nmr/chap-4/d1-4.html]
[www.cis.rit.edu/htbooks/nmr/chap-4/d2-1.html]
[www.cis.rit.edu/htbooks/nmr/chap-4/d2-2.html]
[www.cis.rit.edu/htbooks/nmr/chap-5/images/ymx.gif]
[www.cis.rit.edu/htbooks/nmr/chap-5/images/mx-one.gif]
[www.cis.rit.edu/htbooks/nmr/chap-5/e2-1.html]
[www.cis.rit.edu/htbooks/nmr/chap-5/images/ymxy.gif]
[www.cis.rit.edu/htbooks/nmr/chap-5/images/mx-two.gif]
[www.cis.rit.edu/htbooks/nmr/chap-5/images/x.gif]
[www.cis.rit.edu/htbooks/nmr/chap-5/images/pp-nu.gif]
[www.cis.rit.edu/htbooks/nmr/chap-5/e2-2.html]
[www.cis.rit.edu/htbooks/nmr/chap-5/images/ymy.gif]
[www.cis.rit.edu/htbooks/nmr/chap-5/images/my-one.gif]
[www.cis.rit.edu/htbooks/nmr/chap-5/e2-3.html]
[www.cis.rit.edu/htbooks/nmr/chap-5/images/ymyy.gif]
[www.cis.rit.edu/htbooks/nmr/chap-5/images/my-two.gif]
[www.cis.rit.edu/htbooks/nmr/chap-5/images/np-nu.gif]
[www.cis.rit.edu/htbooks/nmr/chap-5/e2-4.html]
[www.cis.rit.edu/htbooks/nmr/chap-5/images/ft-re-im.gif]
[www.cis.rit.edu/htbooks/nmr/chap-5/e2-5.html]
[www.cis.rit.edu/htbooks/nmr/chap-5/images/pep-nu.gif]
[www.cis.rit.edu/htbooks/nmr/chap-5/e2-6.html]
[www.cis.rit.edu/htbooks/nmr/refs/ref-03.html]
[www.cis.rit.edu/htbooks/nmr/chap-5/images/fun-t.gif]
[www.cis.rit.edu/htbooks/nmr/chap-5/e3-1.html]
[www.cis.rit.edu/htbooks/nmr/chap-5/images/x-aro-d.gif]
[www.cis.rit.edu/htbooks/nmr/chap-5/images/cos-1t.gif]
[www.cis.rit.edu/htbooks/nmr/chap-5/images/f-cos1t.gif]
[www.cis.rit.edu/htbooks/nmr/chap-5/images/sum-aro.gif]
[www.cis.rit.edu/htbooks/nmr/chap-5/images/fun-w1.gif]
[www.cis.rit.edu/htbooks/nmr/chap-5/e3-2.html]
[www.cis.rit.edu/htbooks/nmr/chap-5/images/cos-2t.gif]
[www.cis.rit.edu/htbooks/nmr/chap-5/images/f-cos2t.gif]
[www.cis.rit.edu/htbooks/nmr/chap-5/images/fun-w2.gif]
[www.cis.rit.edu/htbooks/nmr/chap-5/e3-3.html]
[www.cis.rit.edu/htbooks/nmr/chap-5/images/cos-3t.gif]
[www.cis.rit.edu/htbooks/nmr/chap-5/images/f-cos3t.gif]
[www.cis.rit.edu/htbooks/nmr/chap-5/images/fun-w3.gif]
[www.cis.rit.edu/htbooks/nmr/chap-5/e3-4.html]
[www.cis.rit.edu/htbooks/nmr/chap-5/images/cos-4t.gif]
[www.cis.rit.edu/htbooks/nmr/chap-5/images/f-cos4t.gif]
[www.cis.rit.edu/htbooks/nmr/chap-5/images/fun-w4.gif]
[www.cis.rit.edu/htbooks/nmr/chap-5/e3-5.html]
[www.cis.rit.edu/htbooks/nmr/chap-5/images/cos-5t.gif]
[www.cis.rit.edu/htbooks/nmr/chap-5/images/f-cos5t.gif]
[www.cis.rit.edu/htbooks/nmr/chap-5/images/fun-w5.gif]
[www.cis.rit.edu/htbooks/nmr/chap-5/e3-6.html]
[www.cis.rit.edu/htbooks/nmr/chap-5/images/cos-6t.gif]
[www.cis.rit.edu/htbooks/nmr/chap-5/images/f-cos6t.gif]
[www.cis.rit.edu/htbooks/nmr/chap-5/images/fun-w6.gif]
[www.cis.rit.edu/htbooks/nmr/chap-5/e3-7.html]
[www.cis.rit.edu/htbooks/nmr/chap-5/images/cos-7t.gif]
[www.cis.rit.edu/htbooks/nmr/chap-5/images/f-cos7t.gif]
[www.cis.rit.edu/htbooks/nmr/chap-5/images/fun-w7.gif]
[www.cis.rit.edu/htbooks/nmr/chap-5/e3-8.html]
[www.cis.rit.edu/htbooks/nmr/chap-5/images/cos-8t.gif]
[www.cis.rit.edu/htbooks/nmr/chap-5/images/f-cos8t.gif]
[www.cis.rit.edu/htbooks/nmr/chap-5/images/fun-w8.gif]
[www.cis.rit.edu/htbooks/nmr/chap-5/e3-9.html]
[www.cis.rit.edu/htbooks/nmr/chap-5/images/cos-9t.gif]
[www.cis.rit.edu/htbooks/nmr/chap-5/images/f-cos9t.gif]
[www.cis.rit.edu/htbooks/nmr/chap-5/images/fun-w9.gif]
[www.cis.rit.edu/htbooks/nmr/chap-5/e3-10.html]
[www.cis.rit.edu/htbooks/nmr/chap-5/images/cos-10t.gif]
[www.cis.rit.edu/htbooks/nmr/chap-5/images/f-cos10t.gif]
[www.cis.rit.edu/htbooks/nmr/chap-5/images/fun-w10.gif]
[www.cis.rit.edu/htbooks/nmr/chap-5/e3-11.html]
[www.cis.rit.edu/htbooks/nmr/chap-5/images/fun-w.gif]
[www.cis.rit.edu/htbooks/nmr/chap-5/e3-12.html]
[www.cis.rit.edu/htbooks/nmr/chap-5/images/p-aro-d.gif]
[www.cis.rit.edu/htbooks/nmr/chap-5/e3-13.html]
[www.cis.rit.edu/htbooks/nmr/chap-5/images/re-fid.gif]
[www.cis.rit.edu/htbooks/nmr/chap-5/images/re-lor.gif]
[www.cis.rit.edu/htbooks/nmr/chap-5/images/ft-box-h.gif]
[www.cis.rit.edu/htbooks/nmr/chap-5/images/im-fid.gif]
[www.cis.rit.edu/htbooks/nmr/chap-5/images/im-lor.gif]
[www.cis.rit.edu/htbooks/nmr/chap-5/e4-1.html]
[www.cis.rit.edu/htbooks/nmr/chap-5/e4-2.html]
[www.cis.rit.edu/htbooks/nmr/chap-5/images/r45-fid.gif]
[www.cis.rit.edu/htbooks/nmr/chap-5/images/r45-lor.gif]
[www.cis.rit.edu/htbooks/nmr/chap-5/images/i45-fid.gif]
[www.cis.rit.edu/htbooks/nmr/chap-5/images/i45-lor.gif]
[www.cis.rit.edu/htbooks/nmr/chap-5/e4-3.html]
[www.cis.rit.edu/htbooks/nmr/chap-5/images/fi-box-h.gif]
[www.cis.rit.edu/htbooks/nmr/chap-5/e4-4.html]
[www.cis.rit.edu/htbooks/nmr/chap-5/images/lost-phase.jpg]
[www.cis.rit.edu/htbooks/nmr/chap-5/e4-5.html]
[www.cis.rit.edu/htbooks/nmr/refs/ref-13.html]
[www.cis.rit.edu/htbooks/nmr/chap-5/images/dc-off.gif]
[www.cis.rit.edu/htbooks/nmr/chap-5/images/ft-box-v.gif]
[www.cis.rit.edu/htbooks/nmr/chap-5/images/delta-0.gif]
[www.cis.rit.edu/htbooks/nmr/chap-5/e6-1.html]
[www.cis.rit.edu/htbooks/nmr/chap-5/images/cos-sin.gif]
[www.cis.rit.edu/htbooks/nmr/chap-5/images/delt-off.gif]
[www.cis.rit.edu/htbooks/nmr/chap-5/e6-2.html]
[www.cis.rit.edu/htbooks/nmr/chap-5/images/comb.gif]
[www.cis.rit.edu/htbooks/nmr/chap-5/images/comb-2.gif]
[www.cis.rit.edu/htbooks/nmr/chap-5/e6-3.html]
[www.cis.rit.edu/htbooks/nmr/chap-5/images/exp.gif]
[www.cis.rit.edu/htbooks/nmr/chap-5/images/lorentz.jpg]
[www.cis.rit.edu/htbooks/nmr/chap-5/e6-4.html]
[www.cis.rit.edu/htbooks/nmr/chap-5/images/rect.gif]
[www.cis.rit.edu/htbooks/nmr/chap-5/images/sinc.gif]
[www.cis.rit.edu/htbooks/nmr/chap-5/e6-5.html]
[www.cis.rit.edu/htbooks/nmr/chap-5/images/gauss-t.gif]
[www.cis.rit.edu/htbooks/nmr/chap-5/images/gauss-f.gif]
[www.cis.rit.edu/htbooks/nmr/chap-5/e6-6.html]
[www.cis.rit.edu/htbooks/nmr/chap-5/images/con-sqp.gif]
[www.cis.rit.edu/htbooks/nmr/chap-5/f5-2.html]
[www.cis.rit.edu/htbooks/nmr/chap-5/images/con-nois.gif]
[www.cis.rit.edu/htbooks/nmr/chap-5/e5-1.html]
[www.cis.rit.edu/htbooks/nmr/chap-5/images/sam-fid1.gif]
[www.cis.rit.edu/htbooks/nmr/chap-5/images/sam-fid2.gif]
[www.cis.rit.edu/htbooks/nmr/chap-5/e8-1.html]
[www.cis.rit.edu/htbooks/nmr/chap-5/images/t-to-f.jpg]
[www.cis.rit.edu/htbooks/nmr/chap-5/e8-2.html]
[www.cis.rit.edu/htbooks/nmr/chap-5/images/con-sam.gif]
[www.cis.rit.edu/htbooks/nmr/chap-5/e9-1.html]
[www.cis.rit.edu/htbooks/nmr/chap-5/images/con-sam2.gif]
[www.cis.rit.edu/htbooks/nmr/chap-5/e9-2.html]
[www.cis.rit.edu/htbooks/nmr/refs/ref-16.html]
[www.cis.rit.edu/htbooks/nmr/chap-5/images/2dft-1.gif]
[www.cis.rit.edu/htbooks/nmr/chap-5/e10-1.html]
[www.cis.rit.edu/htbooks/nmr/chap-5/images/2dft-2.gif]
[www.cis.rit.edu/htbooks/nmr/chap-5/e10-2.html]
[www.cis.rit.edu/htbooks/nmr/chap-5/images/2dft-3.gif]
[www.cis.rit.edu/htbooks/nmr/chap-5/e10-3.html]
[www.cis.rit.edu/htbooks/nmr/chap-6/d3-1.html]
[www.cis.rit.edu/htbooks/nmr/refs/ref-02.html]
[www.cis.rit.edu/htbooks/nmr/refs/ref-12.html]
[www.cis.rit.edu/htbooks/nmr/chap-6/images/90fid-ps.gif]
[www.cis.rit.edu/htbooks/nmr/chap-6/d3-2.html]
[www.cis.rit.edu/htbooks/nmr/chap-6/images/se-90.gif]
[www.cis.rit.edu/htbooks/nmr/chap-6/d4-1.html]
[www.cis.rit.edu/htbooks/nmr/chap-6/images/se-deph.gif]
[www.cis.rit.edu/htbooks/nmr/chap-6/d4-2.html]
[www.cis.rit.edu/htbooks/nmr/chap-6/images/se-180.gif]
[www.cis.rit.edu/htbooks/nmr/chap-6/d4-3.html]
[www.cis.rit.edu/htbooks/nmr/chap-6/images/se-reph.gif]
[www.cis.rit.edu/htbooks/nmr/chap-6/d4-4.html]
[www.cis.rit.edu/htbooks/nmr/chap-6/images/se-ps.gif]
[www.cis.rit.edu/htbooks/nmr/chap-6/d4-5.html]
[www.cis.rit.edu/htbooks/nmr/chap-6/images/ir-180.gif]
[www.cis.rit.edu/htbooks/nmr/chap-6/d5-1.html]
[www.cis.rit.edu/htbooks/nmr/chap-6/images/ir-relx.gif]
[www.cis.rit.edu/htbooks/nmr/chap-6/d5-2.html]
[www.cis.rit.edu/htbooks/nmr/chap-6/images/ir-deph.gif]
[www.cis.rit.edu/htbooks/nmr/chap-6/d5-3.html]
[www.cis.rit.edu/htbooks/nmr/chap-6/images/ir-ps.gif]
[www.cis.rit.edu/htbooks/nmr/chap-6/d5-4.html]
[www.cis.rit.edu/htbooks/nmr/chap-6/images/ir-curve.gif]
[www.cis.rit.edu/htbooks/nmr/chap-6/d5-5.html]
[www.cis.rit.edu/htbooks/nmr/chap-7/images/mri9-1.gif]
[www.cis.rit.edu/htbooks/nmr/chap-7/i1-1.html]
[www.cis.rit.edu/htbooks/nmr/chap-7/images/nmr-magnets.jpg]
[www.cis.rit.edu/htbooks/nmr/chap-7/i2-00.html]
[www.cis.rit.edu/htbooks/nmr/chap-7/images/rit-nmr.gif]
[www.cis.rit.edu/htbooks/nmr/chap-7/i2-0.html]
[www.cis.rit.edu/htbooks/nmr/chap-7/images/resist.gif]
[www.cis.rit.edu/htbooks/nmr/chap-7/images/sup-con.gif]
[www.cis.rit.edu/htbooks/nmr/chap-7/i2-1.html]
[www.cis.rit.edu/htbooks/nmr/chap-7/images/mag-sc.jpg]
[www.cis.rit.edu/htbooks/nmr/chap-7/i2-2.html]
[www.cis.rit.edu/htbooks/nmr/chap-7/images/c-mag-2.gif]
[www.cis.rit.edu/htbooks/nmr/chap-7/i2-3.html]
[www.cis.rit.edu/htbooks/nmr/chap-7/images/c-mag-3.gif]
[www.cis.rit.edu/htbooks/nmr/chap-7/i2-4.html]
[www.cis.rit.edu/htbooks/nmr/chap-7/images/c-mag-4.gif]
[www.cis.rit.edu/htbooks/nmr/chap-7/i2-5.html]
[www.cis.rit.edu/htbooks/nmr/chap-7/images/mag-jt.jpg]
[www.cis.rit.edu/htbooks/nmr/chap-7/i2-6.html]
[www.cis.rit.edu/htbooks/nmr/chap-7/images/drift.gif]
[www.cis.rit.edu/htbooks/nmr/chap-7/g7-1.html]
[www.cis.rit.edu/htbooks/nmr/chap-7/images/lock.gif]
[www.cis.rit.edu/htbooks/nmr/chap-7/g7-2.html]
[www.cis.rit.edu/htbooks/nmr/chap-7/images/shim.gif]
[www.cis.rit.edu/htbooks/nmr/chap-7/g8-1.html]
[www.cis.rit.edu/htbooks/nmr/chap-7/images/z0.gif]
[www.cis.rit.edu/htbooks/nmr/chap-7/g8-2.html]
[www.cis.rit.edu/htbooks/nmr/chap-7/images/z.gif]
[www.cis.rit.edu/htbooks/nmr/chap-7/g8-3.html]
[www.cis.rit.edu/htbooks/nmr/chap-7/images/z2.gif]
[www.cis.rit.edu/htbooks/nmr/chap-7/g8-4.html]
[www.cis.rit.edu/htbooks/nmr/chap-7/images/z3.gif]
[www.cis.rit.edu/htbooks/nmr/chap-7/g8-5.html]
[www.cis.rit.edu/htbooks/nmr/chap-7/images/z4.gif]
[www.cis.rit.edu/htbooks/nmr/chap-7/g8-6.html]
[www.cis.rit.edu/htbooks/nmr/chap-7/images/z5.gif]
[www.cis.rit.edu/htbooks/nmr/chap-7/g8-7.html]
[www.cis.rit.edu/htbooks/nmr/chap-7/images/x.gif]
[www.cis.rit.edu/htbooks/nmr/chap-7/g8-8.html]
[www.cis.rit.edu/htbooks/nmr/chap-7/images/xz.gif]
[www.cis.rit.edu/htbooks/nmr/chap-7/g8-9.html]
[www.cis.rit.edu/htbooks/nmr/chap-7/images/xz2.gif]
[www.cis.rit.edu/htbooks/nmr/chap-7/g8-10.html]
[www.cis.rit.edu/htbooks/nmr/chap-7/images/y2x2.gif]
[www.cis.rit.edu/htbooks/nmr/chap-7/g8-11.html]
[www.cis.rit.edu/htbooks/nmr/chap-7/images/xy.gif]
[www.cis.rit.edu/htbooks/nmr/chap-7/g8-12.html]
[www.cis.rit.edu/htbooks/nmr/chap-7/images/y.gif]
[www.cis.rit.edu/htbooks/nmr/chap-7/g8-13.html]
[www.cis.rit.edu/htbooks/nmr/chap-7/images/yz.gif]
[www.cis.rit.edu/htbooks/nmr/chap-7/g8-14.html]
[www.cis.rit.edu/htbooks/nmr/chap-7/images/yz2.gif]
[www.cis.rit.edu/htbooks/nmr/chap-7/g8-15.html]
[www.cis.rit.edu/htbooks/nmr/chap-7/images/xz3.gif]
[www.cis.rit.edu/htbooks/nmr/chap-7/g8-16.html]
[www.cis.rit.edu/htbooks/nmr/chap-7/g8-17.html]
[www.cis.rit.edu/htbooks/nmr/chap-7/images/yz3.gif]
[www.cis.rit.edu/htbooks/nmr/chap-7/g8-18.html]
[www.cis.rit.edu/htbooks/nmr/chap-7/g8-19.html]
[www.cis.rit.edu/htbooks/nmr/chap-7/images/x3.gif]
[www.cis.rit.edu/htbooks/nmr/chap-7/g8-20.html]
[www.cis.rit.edu/htbooks/nmr/chap-7/images/y3.gif]
[www.cis.rit.edu/htbooks/nmr/chap-7/g8-21.html]
[www.cis.rit.edu/htbooks/nmr/chap-7/images/ttub-ho.gif]
[www.cis.rit.edu/htbooks/nmr/chap-7/images/tt-homo.gif]
[www.cis.rit.edu/htbooks/nmr/chap-7/images/sp-homo.gif]
[www.cis.rit.edu/htbooks/nmr/chap-7/g10-1.html]
[www.cis.rit.edu/htbooks/nmr/chap-7/images/ttub-in.gif]
[www.cis.rit.edu/htbooks/nmr/chap-7/images/tt-inho.gif]
[www.cis.rit.edu/htbooks/nmr/chap-7/images/sp-inho.gif]
[www.cis.rit.edu/htbooks/nmr/chap-7/g10-2.html]
[www.cis.rit.edu/htbooks/nmr/chap-7/images/spin-vtt.gif]
[www.cis.rit.edu/htbooks/nmr/chap-7/images/spin-tt.gif]
[www.cis.rit.edu/htbooks/nmr/chap-7/g10-3.html]
[www.cis.rit.edu/htbooks/nmr/refs/ref-29.html]
[www.cis.rit.edu/htbooks/nmr/chap-7/images/mri9-10.gif]
[www.cis.rit.edu/htbooks/nmr/chap-7/i4-5.html]
[www.cis.rit.edu/htbooks/nmr/refs/ref-32.html]
[www.cis.rit.edu/htbooks/nmr/chap-7/images/mri9-3.gif]
[www.cis.rit.edu/htbooks/nmr/chap-7/i3-1.html]
[www.cis.rit.edu/htbooks/nmr/chap-7/images/mri9-4.gif]
[www.cis.rit.edu/htbooks/nmr/chap-7/i3-2.html]
[www.cis.rit.edu/htbooks/nmr/chap-7/images/mri9-5.gif]
[www.cis.rit.edu/htbooks/nmr/chap-7/i3-3.html]
[www.cis.rit.edu/htbooks/nmr/refs/ref-01.html]
[www.cis.rit.edu/htbooks/nmr/chap-7/images/dbm-top.gif]
[www.cis.rit.edu/htbooks/nmr/chap-7/images/dbm-sin.gif]
[www.cis.rit.edu/htbooks/nmr/chap-7/images/dbm-mid.gif]
[www.cis.rit.edu/htbooks/nmr/chap-7/images/dbm-b.gif]
[www.cis.rit.edu/htbooks/nmr/chap-7/i5-1.html]
[www.cis.rit.edu/htbooks/nmr/chap-7/images/mri9-11.gif]
[www.cis.rit.edu/htbooks/nmr/chap-7/i5-2.html]
[www.cis.rit.edu/htbooks/nmr/chap-7/images/dig-flt.gif]
[www.cis.rit.edu/htbooks/nmr/chap-7/g9-1.html]
[www.cis.rit.edu/htbooks/nmr/chap-7/images/con-flt1.gif]
[www.cis.rit.edu/htbooks/nmr/chap-7/g9-2.html]
[www.cis.rit.edu/htbooks/nmr/chap-7/images/con-flt2.gif]
[www.cis.rit.edu/htbooks/nmr/chap-7/g9-3.html]
[www.cis.rit.edu/htbooks/nmr/chap-7/images/con-flt.gif]
[www.cis.rit.edu/htbooks/nmr/chap-7/g9-4.html]
[www.cis.rit.edu/htbooks/nmr/chap-8/images/100mhz.gif]
[www.cis.rit.edu/htbooks/nmr/chap-8/h1-1.html]
[www.cis.rit.edu/htbooks/nmr/chap-8/images/400mhz.gif]
[www.cis.rit.edu/htbooks/nmr/chap-8/h1-2.html]
[www.cis.rit.edu/htbooks/nmr/chap-8/h2-1.html]
[www.cis.rit.edu/htbooks/nmr/chap-8/images/sample.gif]
[www.cis.rit.edu/htbooks/nmr/chap-8/h2-2.html]
[www.cis.rit.edu/htbooks/nmr/chap-8/images/exch.gif]
[www.cis.rit.edu/htbooks/nmr/chap-8/images/snr.gif]
[www.cis.rit.edu/htbooks/nmr/chap-8/h2-3.html]
[www.cis.rit.edu/htbooks/nmr/chap-8/images/etoh-clf.gif]
[www.cis.rit.edu/htbooks/nmr/chap-8/h2-4.html]
[www.cis.rit.edu/htbooks/nmr/chap-8/images/etoh-d2o.gif]
[www.cis.rit.edu/htbooks/nmr/chap-8/h2-5.html]
[www.cis.rit.edu/htbooks/nmr/chap-8/images/tune-prb.gif]
[www.cis.rit.edu/htbooks/nmr/chap-8/h3-1.html]
[www.cis.rit.edu/htbooks/nmr/chap-8/images/tune.gif]
[www.cis.rit.edu/htbooks/nmr/chap-8/h3-2.html]
[www.cis.rit.edu/htbooks/nmr/chap-8/images/bw.gif]
[www.cis.rit.edu/htbooks/nmr/chap-8/h3-3.html]
[www.cis.rit.edu/htbooks/nmr/chap-8/images/sig-90.gif]
[www.cis.rit.edu/htbooks/nmr/chap-8/h3-4.html]
[www.cis.rit.edu/htbooks/nmr/chap-8/h3-5.html]
[www.cis.rit.edu/htbooks/nmr/chap-8/images/cntrl.gif]
[www.cis.rit.edu/htbooks/nmr/chap-8/h4-1.html]
[www.cis.rit.edu/htbooks/nmr/refs/ref-17.html]
[www.cis.rit.edu/htbooks/nmr/chap-8/images/in-z2.gif]
[www.cis.rit.edu/htbooks/nmr/chap-8/h4-2.html]
[www.cis.rit.edu/htbooks/nmr/chap-8/images/in-z3.gif]
[www.cis.rit.edu/htbooks/nmr/chap-8/h4-3.html]
[www.cis.rit.edu/htbooks/nmr/chap-8/images/in-z4.gif]
[www.cis.rit.edu/htbooks/nmr/chap-8/h4-4.html]
[www.cis.rit.edu/htbooks/nmr/chap-8/images/ssb-1.gif]
[www.cis.rit.edu/htbooks/nmr/chap-8/h4-5.html]
[www.cis.rit.edu/htbooks/nmr/chap-8/images/ssb-2.gif]
[www.cis.rit.edu/htbooks/nmr/chap-8/h4-6.html]
[www.cis.rit.edu/htbooks/nmr/chap-8/images/inp-z2.gif]
[www.cis.rit.edu/htbooks/nmr/chap-8/h4-7.html]
[www.cis.rit.edu/htbooks/nmr/chap-8/images/inp-z4.gif]
[www.cis.rit.edu/htbooks/nmr/chap-8/h4-8.html]
[www.cis.rit.edu/htbooks/nmr/chap-8/images/inp-z3.gif]
[www.cis.rit.edu/htbooks/nmr/chap-8/h4-9.html]
[www.cis.rit.edu/htbooks/nmr/chap-8/images/dco.gif]
[www.cis.rit.edu/htbooks/nmr/chap-8/h6-1.html]
[www.cis.rit.edu/htbooks/nmr/chap-8/images/dco-fid.gif]
[www.cis.rit.edu/htbooks/nmr/chap-8/h6-2.html]
[www.cis.rit.edu/htbooks/nmr/chap-8/images/dco-fid1.gif]
[www.cis.rit.edu/htbooks/nmr/chap-8/h6-3.html]
[www.cis.rit.edu/htbooks/nmr/chap-8/images/dco-fid2.gif]
[www.cis.rit.edu/htbooks/nmr/chap-8/h6-4.html]
[www.cis.rit.edu/htbooks/nmr/chap-8/images/dco-fid3.gif]
[www.cis.rit.edu/htbooks/nmr/chap-8/h6-5.html]
[www.cis.rit.edu/htbooks/nmr/chap-8/images/dco-fid4.gif]
[www.cis.rit.edu/htbooks/nmr/chap-8/h6-6.html]
[www.cis.rit.edu/htbooks/nmr/chap-8/images/fid-re.gif]
[www.cis.rit.edu/htbooks/nmr/images/50x10-sp.gif]
[www.cis.rit.edu/htbooks/nmr/images/140-spc.gif]
[www.cis.rit.edu/htbooks/nmr/chap-8/images/ft-box.gif]
[www.cis.rit.edu/htbooks/nmr/chap-8/images/spec.gif]
[www.cis.rit.edu/htbooks/nmr/chap-8/images/fid-im.gif]
[www.cis.rit.edu/htbooks/nmr/chap-8/h6-7.html]
[www.cis.rit.edu/htbooks/nmr/chap-8/images/fid-re-l.gif]
[www.cis.rit.edu/htbooks/nmr/chap-8/images/spec-z.gif]
[www.cis.rit.edu/htbooks/nmr/chap-8/images/fid-im-s.gif]
[www.cis.rit.edu/htbooks/nmr/chap-8/h6-8.html]
[www.cis.rit.edu/htbooks/nmr/chap-8/images/fid-re-1.gif]
[www.cis.rit.edu/htbooks/nmr/chap-8/images/fid-im-2.gif]
[www.cis.rit.edu/htbooks/nmr/chap-8/h6-9.html]
[www.cis.rit.edu/htbooks/nmr/chap-8/images/and.gif]
[www.cis.rit.edu/htbooks/nmr/chap-8/images/fid-re-2.gif]
[www.cis.rit.edu/htbooks/nmr/chap-8/images/equal.gif]
[www.cis.rit.edu/htbooks/nmr/chap-8/images/20-space.gif]
[www.cis.rit.edu/htbooks/nmr/chap-8/images/fid-im-1.gif]
[www.cis.rit.edu/htbooks/nmr/chap-8/h6-10.html]
[www.cis.rit.edu/htbooks/nmr/chap-8/h6-12.html]
[www.cis.rit.edu/htbooks/nmr/spectra/c6h12-dc.gif]
[www.cis.rit.edu/htbooks/nmr/chap-8/h7-1.html]
[www.cis.rit.edu/htbooks/nmr/spectra/benz-dc.gif]
[www.cis.rit.edu/htbooks/nmr/chap-8/h7-2.html]
[www.cis.rit.edu/htbooks/nmr/spectra/tolue-dc.gif]
[www.cis.rit.edu/htbooks/nmr/chap-8/h7-3.html]
[www.cis.rit.edu/htbooks/nmr/spectra/et-bz-dc.gif]
[www.cis.rit.edu/htbooks/nmr/chap-8/h7-4.html]
[www.cis.rit.edu/htbooks/nmr/spectra/aceto-dc.gif]
[www.cis.rit.edu/htbooks/nmr/chap-8/h7-5.html]
[www.cis.rit.edu/htbooks/nmr/spectra/mek-clf.gif]
[www.cis.rit.edu/htbooks/nmr/chap-8/h7-6.html]
[www.cis.rit.edu/htbooks/nmr/spectra/h2o-dw.gif]
[www.cis.rit.edu/htbooks/nmr/chap-8/h7-7.html]
[www.cis.rit.edu/htbooks/nmr/spectra/etoh-clf.gif]
[www.cis.rit.edu/htbooks/nmr/chap-8/h7-8.html]
[www.cis.rit.edu/htbooks/nmr/spectra/etoh-d2o.gif]
[www.cis.rit.edu/htbooks/nmr/chap-8/h7-9.html]
[www.cis.rit.edu/htbooks/nmr/spectra/1proh-dc.gif]
[www.cis.rit.edu/htbooks/nmr/chap-8/h7-10.html]
[www.cis.rit.edu/htbooks/nmr/spectra/2proh-dc.gif]
[www.cis.rit.edu/htbooks/nmr/chap-8/h7-11.html]
[www.cis.rit.edu/htbooks/nmr/spectra/tbute-dc.gif]
[www.cis.rit.edu/htbooks/nmr/chap-8/h7-12.html]
[www.cis.rit.edu/htbooks/nmr/spectra/2buoh-dc.gif]
[www.cis.rit.edu/htbooks/nmr/chap-8/h7-13.html]
[www.cis.rit.edu/htbooks/nmr/spectra/pyrid-dc.gif]
[www.cis.rit.edu/htbooks/nmr/chap-8/h7-14.html]
[www.cis.rit.edu/htbooks/nmr/chap-8/h8-1.html]
[www.cis.rit.edu/htbooks/nmr/spectra/mek-int.gif]
[www.cis.rit.edu/htbooks/nmr/chap-8/h8-2.html]
[www.cis.rit.edu/htbooks/nmr/spectra/mek-snr.gif]
[www.cis.rit.edu/htbooks/nmr/chap-8/h9-1.html]
[www.cis.rit.edu/htbooks/nmr/spectra/mek-001.gif]
[www.cis.rit.edu/htbooks/nmr/chap-8/h9-2.html]
[www.cis.rit.edu/htbooks/nmr/spectra/mek-008.gif]
[www.cis.rit.edu/htbooks/nmr/chap-8/h9-3.html]
[www.cis.rit.edu/htbooks/nmr/spectra/mek-016.gif]
[www.cis.rit.edu/htbooks/nmr/chap-8/h9-4.html]
[www.cis.rit.edu/htbooks/nmr/spectra/mek-080.gif]
[www.cis.rit.edu/htbooks/nmr/chap-8/h9-5.html]
[www.cis.rit.edu/htbooks/nmr/spectra/mek-800.gif]
[www.cis.rit.edu/htbooks/nmr/chap-8/h9-6.html]
[www.cis.rit.edu/htbooks/nmr/chap-8/images/vt-unit.gif]
[www.cis.rit.edu/htbooks/nmr/chap-8/h10-1.html]
[www.cis.rit.edu/htbooks/nmr/images/yes.gif]
[www.cis.rit.edu/htbooks/nmr/images/no.gif]
[www.cis.rit.edu/htbooks/nmr/chap-8/h11-1.html]
[www.cis.rit.edu/htbooks/nmr/chap-8/images/fill-wa.gif]
[www.cis.rit.edu/htbooks/nmr/chap-8/h12-1.html]
[www.cis.rit.edu/htbooks/nmr/chap-8/images/fill-he.gif]
[www.cis.rit.edu/htbooks/nmr/chap-8/h12-2.html]
[www.cis.rit.edu/htbooks/nmr/chap-8/images/trans-ln.gif]
[www.cis.rit.edu/htbooks/nmr/chap-8/h12-3.html]
[www.cis.rit.edu/htbooks/nmr/chap-8/images/trans-he.gif]
[www.cis.rit.edu/htbooks/nmr/chap-8/h12-4.html]
[www.cis.rit.edu/htbooks/nmr/chap-8/images/guage.gif]
[www.cis.rit.edu/htbooks/nmr/chap-8/h12-5.html]
[www.cis.rit.edu/htbooks/nmr/chap-8/images/check-v.gif]
[www.cis.rit.edu/htbooks/nmr/chap-8/h12-6.html]
[www.cis.rit.edu/htbooks/nmr/chap-8/images/vent-t.gif]
[www.cis.rit.edu/htbooks/nmr/chap-8/h12-7.html]
[www.cis.rit.edu/htbooks/nmr/chap-8/images/full.gif]
[www.cis.rit.edu/htbooks/nmr/chap-8/h12-8.html]
[www.cis.rit.edu/htbooks/nmr/chap-8/h13-1.html]
[www.cis.rit.edu/htbooks/nmr/chap-9/images/hh-dec1.gif]
[www.cis.rit.edu/htbooks/nmr/chap-9/i2-1.html]
[www.cis.rit.edu/htbooks/nmr/chap-9/images/hh-dec2.gif]
[www.cis.rit.edu/htbooks/nmr/chap-9/i2-2.html]
[www.cis.rit.edu/htbooks/nmr/chap-9/images/hh-dec3.gif]
[www.cis.rit.edu/htbooks/nmr/chap-9/i2-2a.html]
[www.cis.rit.edu/htbooks/nmr/chap-9/images/hh-dec4.gif]
[www.cis.rit.edu/htbooks/nmr/chap-9/i2-2b.html]
[www.cis.rit.edu/htbooks/nmr/chap-9/images/dc-b1t.gif]
[www.cis.rit.edu/htbooks/nmr/chap-9/images/dc-mzt.gif]
[www.cis.rit.edu/htbooks/nmr/chap-9/images/dc-mxt.gif]
[www.cis.rit.edu/htbooks/nmr/chap-9/images/dc-myt.gif]
[www.cis.rit.edu/htbooks/nmr/chap-9/i2-3.html]
[www.cis.rit.edu/htbooks/nmr/chap-9/images/c.gif]
[www.cis.rit.edu/htbooks/nmr/chap-9/i2-4.html]
[www.cis.rit.edu/htbooks/nmr/chap-9/images/ch.gif]
[www.cis.rit.edu/htbooks/nmr/chap-9/i2-5.html]
[www.cis.rit.edu/htbooks/nmr/chap-9/images/ch2.gif]
[www.cis.rit.edu/htbooks/nmr/chap-9/i2-6.html]
[www.cis.rit.edu/htbooks/nmr/chap-9/images/ch3.gif]
[www.cis.rit.edu/htbooks/nmr/chap-9/i2-7.html]
[www.cis.rit.edu/htbooks/nmr/chap-9/i2-8.html]
[www.cis.rit.edu/htbooks/nmr/refs/ref-10.html]
[www.cis.rit.edu/htbooks/nmr/chap-9/images/t0-ch.gif]
[www.cis.rit.edu/htbooks/nmr/chap-9/i3-1.html]
[www.cis.rit.edu/htbooks/nmr/chap-9/images/t1-cc.gif]
[www.cis.rit.edu/htbooks/nmr/chap-9/i3-2.html]
[www.cis.rit.edu/htbooks/nmr/chap-9/images/t1-hh.gif]
[www.cis.rit.edu/htbooks/nmr/chap-9/i3-3.html]
[www.cis.rit.edu/htbooks/nmr/chap-9/images/t1-ch.gif]
[www.cis.rit.edu/htbooks/nmr/chap-9/i3-4.html]
[www.cis.rit.edu/htbooks/nmr/chap-9/images/decoup.gif]
[www.cis.rit.edu/htbooks/nmr/chap-9/i3-5.html]
[www.cis.rit.edu/htbooks/nmr/chap-9/images/ch-eld-1.gif]
[www.cis.rit.edu/htbooks/nmr/chap-9/i3a-1.html]
[www.cis.rit.edu/htbooks/nmr/chap-9/images/ch-eld-2.gif]
[www.cis.rit.edu/htbooks/nmr/chap-9/i3a-2.html]
[www.cis.rit.edu/htbooks/nmr/spectra/c6h12-c.gif]
[www.cis.rit.edu/htbooks/nmr/chap-9/i4-1.html]
[www.cis.rit.edu/htbooks/nmr/spectra/benz-c.gif]
[www.cis.rit.edu/htbooks/nmr/chap-9/i4-2.html]
[www.cis.rit.edu/htbooks/nmr/spectra/tolue-c.gif]
[www.cis.rit.edu/htbooks/nmr/chap-9/i4-3.html]
[www.cis.rit.edu/htbooks/nmr/spectra/et-bz-c.gif]
[www.cis.rit.edu/htbooks/nmr/chap-9/i4-4.html]
[www.cis.rit.edu/htbooks/nmr/spectra/aceto-c.gif]
[www.cis.rit.edu/htbooks/nmr/chap-9/i4-5.html]
[www.cis.rit.edu/htbooks/nmr/spectra/mek-c.gif]
[www.cis.rit.edu/htbooks/nmr/chap-9/i4-6.html]
[www.cis.rit.edu/htbooks/nmr/spectra/etoh-c.gif]
[www.cis.rit.edu/htbooks/nmr/chap-9/i4-8.html]
[www.cis.rit.edu/htbooks/nmr/spectra/etoh-c-d.gif]
[www.cis.rit.edu/htbooks/nmr/chap-9/i4-9.html]
[www.cis.rit.edu/htbooks/nmr/spectra/1proh-c.gif]
[www.cis.rit.edu/htbooks/nmr/chap-9/i4-10.html]
[www.cis.rit.edu/htbooks/nmr/spectra/2proh-c.gif]
[www.cis.rit.edu/htbooks/nmr/chap-9/i4-11.html]
[www.cis.rit.edu/htbooks/nmr/spectra/tbute-c.gif]
[www.cis.rit.edu/htbooks/nmr/chap-9/i4-12.html]
[www.cis.rit.edu/htbooks/nmr/spectra/2buoh-c.gif]
[www.cis.rit.edu/htbooks/nmr/chap-9/i4-13.html]
[www.cis.rit.edu/htbooks/nmr/spectra/pyrid-c.gif]
[www.cis.rit.edu/htbooks/nmr/chap-9/i4-14.html]
[www.cis.rit.edu/htbooks/nmr/chap-10/images/a2b-bas.gif]
[www.cis.rit.edu/htbooks/nmr/chap-10/j1-1.html]
[www.cis.rit.edu/htbooks/nmr/chap-10/images/a2b-spec.gif]
[www.cis.rit.edu/htbooks/nmr/chap-10/j1-2.html]
[www.cis.rit.edu/htbooks/nmr/chap-10/images/2d-te-sp.gif]
[www.cis.rit.edu/htbooks/nmr/chap-10/j1-3.html]
[www.cis.rit.edu/htbooks/nmr/chap-10/images/a2b-00.gif]
[www.cis.rit.edu/htbooks/nmr/chap-10/j1-4.html]
[www.cis.rit.edu/htbooks/nmr/chap-10/images/a2b-90.gif]
[www.cis.rit.edu/htbooks/nmr/chap-10/j1-5.html]
[www.cis.rit.edu/htbooks/nmr/chap-10/images/a2b-dp.gif]
[www.cis.rit.edu/htbooks/nmr/chap-10/j1-6.html]
[www.cis.rit.edu/htbooks/nmr/chap-10/images/a2b-180.gif]
[www.cis.rit.edu/htbooks/nmr/chap-10/j1-7.html]
[www.cis.rit.edu/htbooks/nmr/chap-10/images/a2b-rp.gif]
[www.cis.rit.edu/htbooks/nmr/chap-10/j1-8.html]
[www.cis.rit.edu/htbooks/nmr/chap-10/images/a2b-tt.gif]
[www.cis.rit.edu/htbooks/nmr/chap-10/j2-1.html]
[www.cis.rit.edu/htbooks/nmr/chap-10/images/a2b-tf.gif]
[www.cis.rit.edu/htbooks/nmr/chap-10/j2-2.html]
[www.cis.rit.edu/htbooks/nmr/chap-10/images/a2b-ff.gif]
[www.cis.rit.edu/htbooks/nmr/chap-10/j2-3.html]
[www.cis.rit.edu/htbooks/nmr/chap-10/images/a2b-ffc.gif]
[www.cis.rit.edu/htbooks/nmr/chap-10/j2-4.html]
[www.cis.rit.edu/htbooks/nmr/chap-10/images/a2b-ffr.gif]
[www.cis.rit.edu/htbooks/nmr/chap-10/j2-5.html]
[www.cis.rit.edu/htbooks/nmr/chap-10/images/9090-fid.gif]
[www.cis.rit.edu/htbooks/nmr/chap-10/j3-1.html]
[www.cis.rit.edu/htbooks/nmr/spectra/etoh-co.gif]
[www.cis.rit.edu/htbooks/nmr/chap-10/j4-2.html]
[www.cis.rit.edu/htbooks/nmr/chap-10/images/co-etoh1.gif]
[www.cis.rit.edu/htbooks/nmr/chap-10/j3-2.html]
[www.cis.rit.edu/htbooks/nmr/chap-10/images/co-etoh2.gif]
[www.cis.rit.edu/htbooks/nmr/chap-10/j3-3.html]
[www.cis.rit.edu/htbooks/nmr/chap-10/images/co-etoh3.gif]
[www.cis.rit.edu/htbooks/nmr/chap-10/j3-4.html]
[www.cis.rit.edu/htbooks/nmr/spectra/mek-co.gif]
[www.cis.rit.edu/htbooks/nmr/chap-10/j4-1.html]
[www.cis.rit.edu/htbooks/nmr/spectra/1proh-co.gif]
[www.cis.rit.edu/htbooks/nmr/chap-10/j4-3.html]
[www.cis.rit.edu/htbooks/nmr/spectra/2proh-co.gif]
[www.cis.rit.edu/htbooks/nmr/chap-10/j4-4.html]
[www.cis.rit.edu/htbooks/nmr/spectra/2buoh-co.gif]
[www.cis.rit.edu/htbooks/nmr/chap-10/j4-5.html]
[www.cis.rit.edu/htbooks/nmr/spectra/et-bz-co.gif]
[www.cis.rit.edu/htbooks/nmr/chap-10/j4-6.html]
[www.cis.rit.edu/htbooks/nmr/spectra/pyrid-co.gif]
[www.cis.rit.edu/htbooks/nmr/chap-10/j4-7.html]
[www.cis.rit.edu/htbooks/nmr/chap-11/images/pgse-rf.gif]
[www.cis.rit.edu/htbooks/nmr/chap-11/images/pgse-g.gif]
[www.cis.rit.edu/htbooks/nmr/chap-11/images/pgse-s.gif]
[www.cis.rit.edu/htbooks/nmr/chap-11/images/pgse-t.gif]
[www.cis.rit.edu/htbooks/nmr/chap-11/k2-1.html]
[www.cis.rit.edu/htbooks/nmr/chap-11/images/pgse-l.gif]
[www.cis.rit.edu/htbooks/nmr/chap-11/images/pgse-00.gif]
[www.cis.rit.edu/htbooks/nmr/chap-11/images/pgse-r.gif]
[www.cis.rit.edu/htbooks/nmr/chap-11/k2-2.html]
[www.cis.rit.edu/htbooks/nmr/chap-11/images/pgse-v.gif]
[www.cis.rit.edu/htbooks/nmr/chap-11/k2-3.html]
[www.cis.rit.edu/htbooks/nmr/refs/ref-39.html]
[www.cis.rit.edu/htbooks/nmr/chap-11/images/center-sample.gif]
[www.cis.rit.edu/htbooks/nmr/chap-11/k3-0.html]
[www.cis.rit.edu/htbooks/nmr/chap-11/images/ir-fit.gif]
[www.cis.rit.edu/htbooks/nmr/chap-11/k3-1.html]
[www.cis.rit.edu/htbooks/nmr/chap-11/images/sr-curve.gif]
[www.cis.rit.edu/htbooks/nmr/chap-11/k3-2.html]
[www.cis.rit.edu/htbooks/nmr/chap-11/images/sr-fit.gif]
[www.cis.rit.edu/htbooks/nmr/chap-11/k3-3.html]
[www.cis.rit.edu/htbooks/nmr/refs/ref-37.html]
[www.cis.rit.edu/htbooks/nmr/chap-11/images/se-curve.gif]
[www.cis.rit.edu/htbooks/nmr/chap-11/k3-4.html]
[www.cis.rit.edu/htbooks/nmr/chap-11/images/se-fit.gif]
[www.cis.rit.edu/htbooks/nmr/chap-11/k3-5.html]
[www.cis.rit.edu/htbooks/nmr/refs/ref-38.html]
[www.cis.rit.edu/htbooks/nmr/chap-11/images/atom-2.gif]
[www.cis.rit.edu/htbooks/nmr/chap-11/k4-1.html]
[www.cis.rit.edu/htbooks/nmr/refs/ref-50.html]
[www.cis.rit.edu/htbooks/nmr/chap-11/images/atom-3.gif]
[www.cis.rit.edu/htbooks/nmr/chap-11/k4-2.html]
[www.cis.rit.edu/htbooks/nmr/chap-11/images/dp-spec.gif]
[www.cis.rit.edu/htbooks/nmr/chap-11/k4-3.html]
[www.cis.rit.edu/htbooks/nmr/chap-11/images/ndp-spec.gif]
[www.cis.rit.edu/htbooks/nmr/chap-11/k4-4.html]
[www.cis.rit.edu/htbooks/nmr/chap-11/images/dp-molec.gif]
[www.cis.rit.edu/htbooks/nmr/chap-11/k4-5.html]
[www.cis.rit.edu/htbooks/nmr/chap-11/images/dp-int.gif]
[www.cis.rit.edu/htbooks/nmr/chap-11/k4-6.html]
[www.cis.rit.edu/htbooks/nmr/chap-11/images/all-rand.gif]
[www.cis.rit.edu/htbooks/nmr/chap-11/k4-7a.html]
[www.cis.rit.edu/htbooks/nmr/chap-11/images/dp-spec2.gif]
[www.cis.rit.edu/htbooks/nmr/chap-11/k4-7.html]
[www.cis.rit.edu/htbooks/nmr/chap-11/images/ndp-spc2.gif]
[www.cis.rit.edu/htbooks/nmr/chap-11/k4-8.html]
[www.cis.rit.edu/htbooks/nmr/chap-11/images/dp-int2.gif]
[www.cis.rit.edu/htbooks/nmr/chap-11/k4-9.html]
[www.cis.rit.edu/htbooks/nmr/chap-11/images/allat-ma.gif]
[www.cis.rit.edu/htbooks/nmr/chap-11/k4-10.html]
[www.cis.rit.edu/htbooks/nmr/chap-11/images/all-rot.gif]
[www.cis.rit.edu/htbooks/nmr/chap-11/k4-11.html]
[www.cis.rit.edu/htbooks/nmr/chap-11/images/bo-tm.gif]
[www.cis.rit.edu/htbooks/nmr/chap-11/images/rot-tilt.gif]
[www.cis.rit.edu/htbooks/nmr/chap-11/k4-12.html]
[www.cis.rit.edu/htbooks/nmr/chap-11/images/rot-spin.gif]
[www.cis.rit.edu/htbooks/nmr/chap-11/k4-13.html]
[www.cis.rit.edu/htbooks/nmr/chap-11/images/big-solv.gif]
[www.cis.rit.edu/htbooks/nmr/chap-11/k5-1.html]
[www.cis.rit.edu/htbooks/nmr/chap-11/images/ir-solsp.gif]
[www.cis.rit.edu/htbooks/nmr/chap-11/k5-2.html]
[www.cis.rit.edu/htbooks/nmr/chap-11/images/solv-sup.gif]
[www.cis.rit.edu/htbooks/nmr/chap-11/k5-3.html]
[www.cis.rit.edu/htbooks/nmr/chap-11/images/nor1.jpg]
[www.cis.rit.edu/htbooks/nmr/chap-11/k7-2.html]
[www.cis.rit.edu/htbooks/nmr/refs/ref-45.html]
[www.cis.rit.edu/htbooks/nmr/refs/ref-46.html]
[www.cis.rit.edu/htbooks/nmr/refs/ref-47.html]
[www.cis.rit.edu/htbooks/nmr/chap-11/images/ffc-td.jpg]
[www.cis.rit.edu/htbooks/nmr/chap-11/k7-1.html]
[www.cis.rit.edu/htbooks/nmr/statist/images/stats.jpg]
[www.cis.rit.edu/htbooks/nmr/statist/stat-1.html]
[www.cis.rit.edu/htbooks/nmr/chap-8/h11-3.html]
[www.cis.rit.edu/htbooks/nmr/chap-8/h11-2.html]
[www.cis.rit.edu/htbooks/nmr/chap-8/h11-4.html]
[www.cis.rit.edu/htbooks/nmr/chap-8/h11-57.html]
[www.cis.rit.edu/htbooks/nmr/chap-8/h11-6.html]
[www.cis.rit.edu/htbooks/nmr/chap-8/h11-7.html]
[www.cis.rit.edu/htbooks/nmr/chap-8/h11-5.html]
[www.cis.rit.edu/htbooks/nmr/chap-8/h11-58.html]
[www.cis.rit.edu/htbooks/nmr/chap-8/h11-8.html]
[www.cis.rit.edu/htbooks/nmr/chap-8/h11-9.html]
[www.cis.rit.edu/htbooks/nmr/chap-8/h11-45.html]
[www.cis.rit.edu/htbooks/nmr/chap-8/h11-46.html]
[www.cis.rit.edu/htbooks/nmr/chap-8/h11-59.html]
[www.cis.rit.edu/htbooks/nmr/chap-8/h11-10.html]
[www.cis.rit.edu/htbooks/nmr/chap-8/h11-11.html]
[www.cis.rit.edu/htbooks/nmr/chap-8/h11-30.html]
[www.cis.rit.edu/htbooks/nmr/chap-8/h11-31.html]
[www.cis.rit.edu/htbooks/nmr/chap-8/h11-47.html]
[www.cis.rit.edu/htbooks/nmr/chap-8/h11-51.html]
[www.cis.rit.edu/htbooks/nmr/chap-8/h11-12.html]
[www.cis.rit.edu/htbooks/nmr/chap-8/h11-13.html]
[www.cis.rit.edu/htbooks/nmr/chap-8/h11-34.html]
[www.cis.rit.edu/htbooks/nmr/chap-8/h11-35.html]
[www.cis.rit.edu/htbooks/nmr/chap-8/h11-33.html]
[www.cis.rit.edu/htbooks/nmr/chap-8/h11-32.html]
[www.cis.rit.edu/htbooks/nmr/chap-8/h11-48.html]
[www.cis.rit.edu/htbooks/nmr/chap-8/h11-49.html]
[www.cis.rit.edu/htbooks/nmr/chap-8/h11-52.html]
[www.cis.rit.edu/htbooks/nmr/chap-8/h11-53.html]
[www.cis.rit.edu/htbooks/nmr/chap-8/h11-14.html]
[www.cis.rit.edu/htbooks/nmr/chap-8/h11-15.html]
[www.cis.rit.edu/htbooks/nmr/chap-8/h11-16.html]
[www.cis.rit.edu/htbooks/nmr/chap-8/h11-17.html]
[www.cis.rit.edu/htbooks/nmr/chap-8/h11-36.html]
[www.cis.rit.edu/htbooks/nmr/chap-8/h11-99.html]
[www.cis.rit.edu/htbooks/nmr/chap-8/h11-42.html]
[www.cis.rit.edu/htbooks/nmr/chap-8/h11-43.html]
[www.cis.rit.edu/htbooks/nmr/chap-8/h11-54.html]
[www.cis.rit.edu/htbooks/nmr/chap-8/h11-50.html]
[www.cis.rit.edu/htbooks/nmr/chap-8/h11-18.html]
[www.cis.rit.edu/htbooks/nmr/chap-8/h11-19.html]
[www.cis.rit.edu/htbooks/nmr/chap-8/h11-37.html]
[www.cis.rit.edu/htbooks/nmr/chap-8/h11-38.html]
[www.cis.rit.edu/htbooks/nmr/chap-8/h11-44.html]
[www.cis.rit.edu/htbooks/nmr/chap-8/h11-56.html]
[www.cis.rit.edu/htbooks/nmr/chap-8/h11-55.html]
[www.cis.rit.edu/htbooks/nmr/chap-8/h11-20.html]
[www.cis.rit.edu/htbooks/nmr/chap-8/h11-21.html]
[www.cis.rit.edu/htbooks/nmr/chap-8/h11-39.html]
[www.cis.rit.edu/htbooks/nmr/chap-8/h11-40.html]
[www.cis.rit.edu/htbooks/nmr/chap-8/h11-22.html]
[www.cis.rit.edu/htbooks/nmr/chap-8/h11-23.html]
[www.cis.rit.edu/htbooks/nmr/chap-8/h11-41.html]
[www.cis.rit.edu/htbooks/nmr/chap-8/h11-24.html]
[www.cis.rit.edu/htbooks/nmr/chap-8/h11-26.html]
[www.cis.rit.edu/htbooks/nmr/chap-8/h11-27.html]
[www.cis.rit.edu/htbooks/nmr/chap-8/h11-28.html]
[www.cis.rit.edu/htbooks/nmr/chap-8/h11-29.html]
